---
source: tests/golden_tests.rs
input_file: tests/golden_tests/readback/fst_snd.hvm
---
non-linear:
(位a let (*, b) = a; b (位c let (d, *) = c; d ((1, 3), 2)))

linear:
(位a let (*, b) = a; b (位c let (d, *) = c; d ((1, 3), 2)))
