---
source: tests/golden_tests.rs
input_file: tests/golden_tests/readback/bad_net1.hvm
---
non-linear:
位a 位b a

linear:
位a let #0{d b} = 位c a; b
