---
source: tests/golden_tests.rs
input_file: tests/golden_tests/readback/bad_net3.hvm
---
non-linear:
位a 位b a

linear:
位a 位b let #0{c d} = a; c
